2026-05-05 17:00:46,700 Starting training — save_path=model_weight_5_reduced_delta_fixed_sc_gt lr=3e-06 device=cuda:0
2026-05-05 17:00:47,799 Crash at epoch 1
Traceback (most recent call last):
  File "/home/joshua/CAD_diagnosis-master/train_32x25x8.py", line 305, in train
    for images, od_targets, sc_targets, _ in train_bar:
  File "/home/joshua/miniconda3/envs/STCN/lib/python3.9/site-packages/tqdm/std.py", line 1181, in __iter__
    for obj in iterable:
  File "/home/joshua/miniconda3/envs/STCN/lib/python3.9/site-packages/torch/utils/data/dataloader.py", line 701, in __next__
    data = self._next_data()
  File "/home/joshua/miniconda3/envs/STCN/lib/python3.9/site-packages/torch/utils/data/dataloader.py", line 757, in _next_data
    data = self._dataset_fetcher.fetch(index)  # may raise StopIteration
  File "/home/joshua/miniconda3/envs/STCN/lib/python3.9/site-packages/torch/utils/data/_utils/fetch.py", line 52, in fetch
    data = [self.dataset[idx] for idx in possibly_batched_index]
  File "/home/joshua/miniconda3/envs/STCN/lib/python3.9/site-packages/torch/utils/data/_utils/fetch.py", line 52, in <listcomp>
    data = [self.dataset[idx] for idx in possibly_batched_index]
  File "/home/joshua/CAD_diagnosis-master/augmentation.py", line 124, in __getitem__
    'sc_target': self.sc_targets(labels),
  File "/home/joshua/CAD_diagnosis-master/augmentation.py", line 86, in sc_targets
    segment = set(segment.unique().tolist()) - {0}
AttributeError: 'numpy.ndarray' object has no attribute 'unique'
2026-05-05 17:01:28,979 Starting training — save_path=model_weight_5_reduced_delta_fixed_sc_gt lr=3e-06 device=cuda:0
2026-05-05 17:01:30,042 Crash at epoch 1
Traceback (most recent call last):
  File "/home/joshua/CAD_diagnosis-master/train_32x25x8.py", line 305, in train
    for images, od_targets, sc_targets, _ in train_bar:
  File "/home/joshua/miniconda3/envs/STCN/lib/python3.9/site-packages/tqdm/std.py", line 1181, in __iter__
    for obj in iterable:
  File "/home/joshua/miniconda3/envs/STCN/lib/python3.9/site-packages/torch/utils/data/dataloader.py", line 701, in __next__
    data = self._next_data()
  File "/home/joshua/miniconda3/envs/STCN/lib/python3.9/site-packages/torch/utils/data/dataloader.py", line 757, in _next_data
    data = self._dataset_fetcher.fetch(index)  # may raise StopIteration
  File "/home/joshua/miniconda3/envs/STCN/lib/python3.9/site-packages/torch/utils/data/_utils/fetch.py", line 52, in fetch
    data = [self.dataset[idx] for idx in possibly_batched_index]
  File "/home/joshua/miniconda3/envs/STCN/lib/python3.9/site-packages/torch/utils/data/_utils/fetch.py", line 52, in <listcomp>
    data = [self.dataset[idx] for idx in possibly_batched_index]
  File "/home/joshua/CAD_diagnosis-master/augmentation.py", line 124, in __getitem__
    'sc_target': self.sc_targets(labels),
  File "/home/joshua/CAD_diagnosis-master/augmentation.py", line 86, in sc_targets
    segment = set(segment.unique().tolist()) - {0}
AttributeError: 'numpy.ndarray' object has no attribute 'unique'
2026-05-05 17:02:52,374 Starting training — save_path=model_weight_5_reduced_delta_fixed_sc_gt lr=3e-06 device=cuda:0
2026-05-05 17:02:53,244 Crash at epoch 1
Traceback (most recent call last):
  File "/home/joshua/CAD_diagnosis-master/train_32x25x8.py", line 305, in train
    for images, od_targets, sc_targets, _ in train_bar:
  File "/home/joshua/miniconda3/envs/STCN/lib/python3.9/site-packages/tqdm/std.py", line 1181, in __iter__
    for obj in iterable:
  File "/home/joshua/miniconda3/envs/STCN/lib/python3.9/site-packages/torch/utils/data/dataloader.py", line 701, in __next__
    data = self._next_data()
  File "/home/joshua/miniconda3/envs/STCN/lib/python3.9/site-packages/torch/utils/data/dataloader.py", line 757, in _next_data
    data = self._dataset_fetcher.fetch(index)  # may raise StopIteration
  File "/home/joshua/miniconda3/envs/STCN/lib/python3.9/site-packages/torch/utils/data/_utils/fetch.py", line 52, in fetch
    data = [self.dataset[idx] for idx in possibly_batched_index]
  File "/home/joshua/miniconda3/envs/STCN/lib/python3.9/site-packages/torch/utils/data/_utils/fetch.py", line 52, in <listcomp>
    data = [self.dataset[idx] for idx in possibly_batched_index]
  File "/home/joshua/CAD_diagnosis-master/augmentation.py", line 124, in __getitem__
    'sc_target': self.sc_targets(labels),
  File "/home/joshua/CAD_diagnosis-master/augmentation.py", line 86, in sc_targets
    segment = set(segment.unique().tolist()) - {0}
AttributeError: 'numpy.ndarray' object has no attribute 'unique'
2026-05-05 17:05:03,141 Starting training — save_path=model_weight_5_reduced_delta_fixed_sc_gt lr=3e-06 device=cuda:0
2026-05-05 17:05:05,196   [DIAG e001] bg=0.168 max_lesion=0.231
2026-05-05 17:05:10,961 Starting training — save_path=model_weight_5_reduced_delta_fixed_sc_gt lr=3e-06 device=cuda:0
2026-05-05 17:05:12,666   [DIAG e001] bg=0.118 max_lesion=0.208
2026-05-05 17:22:26,803 Crash at epoch 1
Traceback (most recent call last):
  File "/home/joshua/CAD_diagnosis-master/train_32x25x8.py", line 351, in train
    val_sc_cube_joint, val_sc_cube_sten, val_sc_cube_plaq, val_sc_vessel_sten, val_od_acc, val_sten_per_class_acc, val_plaq_per_class_acc) = eval_epoch(model, loss_fn, eval_loader, device, epoch, num_epochs)
  File "/home/joshua/CAD_diagnosis-master/train_32x25x8.py", line 213, in eval_epoch
    sc_metrics = sc_inference(sc_outputs, sc_targets)
  File "/home/joshua/CAD_diagnosis-master/train_32x25x8.py", line 79, in sc_inference
    sc_targets = od2sc_targets(targets, 32)
  File "/home/joshua/CAD_diagnosis-master/optimization.py", line 113, in od2sc_targets
    device = box_data['boxes'].device
KeyError: 'boxes'
2026-05-13 10:30:33,841 Starting training — save_path=model_weight_5_reduced_delta_fixed_sc_gt lr=3e-06 device=cuda:0
2026-05-13 10:30:37,195   [DIAG e001] bg=0.125 max_lesion=0.199
2026-05-13 11:19:42,755 Epoch 001/80 | train_loss: 3.5017 | train_od_loss: 2.4704 | train_dc_loss: 0.3701 | train_sc_loss: 0.6611 | train_label_loss: 1.8087 | train_box_loss: 0.6617 | val: 4.5087 | val_od_loss: 2.3643 | val_dc_loss: 0.7812 | val_sc_loss: 1.3631 | val_label_loss: 1.8315 | val_box_loss: 0.5328 | val_sc_cube_joint_acc: 0.8317 |val_sc_cube_sten_acc: 0.8406 |val_sc_cube_plaq_acc: 0.8388 |val_sc_vessel_sten_acc: 0.4606 |val_sten_per_class_acc: [0.9975115937111186, 0.15877342419080068, 0.0] |val_plaq_per_class_acc: [0.9975115937111186, 0.0, 0.20608108108108109, 0.0] |val_od_acc: 0.5557 |  *
2026-05-13 11:19:42,977   new best val_od_acc=0.5557, saved model_weight_5_reduced_delta_fixed_sc_gt_best.pth
2026-05-13 11:19:43,593   [DIAG e002] bg=0.459 max_lesion=0.348
