2026-04-21 16:12:37,447 Starting training — save_path=model_32x25x8_weight_2_lower_lr lr=3e-06 device=cuda:0
2026-04-21 16:12:39,444   [DIAG e001] bg=0.180 max_lesion=0.202 lr=3.00e-06
2026-04-21 16:13:32,854 Starting training — save_path=model_32x25x8_weight_2_lower_lr lr=3e-06 device=cuda:0
2026-04-21 16:13:34,606   [DIAG e001] bg=0.146 max_lesion=0.217 lr=3.00e-06
2026-04-21 16:14:04,588 Starting training — save_path=model_32x25x8_weight_2_lower_lr lr=3e-06 device=cuda:0
2026-04-21 16:14:06,541   [DIAG e001] bg=0.136 max_lesion=0.197 lr=3.00e-06
2026-04-21 16:36:36,649 Epoch 001/100 | train: 4.0519 | val: 3.5443 | val_acc: 0.3210 | lr: 3.00e-06 *
2026-04-21 16:36:36,862   → new best val_acc=0.3210, saved model_32x25x8_weight_2_lower_lr_best.pth
2026-04-21 16:36:37,400   [DIAG e002] bg=0.039 max_lesion=0.804 lr=3.00e-06
2026-04-21 16:59:02,533 Epoch 002/100 | train: 4.1148 | val: 4.0867 | val_acc: 0.3210 | lr: 3.00e-06
2026-04-21 16:59:02,882   [DIAG e003] bg=0.016 max_lesion=0.875 lr=3.00e-06
2026-04-21 17:21:30,132 Epoch 003/100 | train: 4.1970 | val: 3.9251 | val_acc: 0.3210 | lr: 3.00e-06
2026-04-21 17:21:30,670   [DIAG e004] bg=0.022 max_lesion=0.892 lr=3.00e-06
2026-04-21 17:43:58,406 Epoch 004/100 | train: 4.0892 | val: 4.0213 | val_acc: 0.3210 | lr: 3.00e-06
2026-04-21 17:43:59,001   [DIAG e005] bg=0.023 max_lesion=0.907 lr=3.00e-06
2026-04-21 18:06:22,713 Epoch 005/100 | train: 4.0137 | val: 3.7616 | val_acc: 0.3210 | lr: 3.00e-06
2026-04-21 18:06:22,901   [DIAG e006] bg=0.056 max_lesion=0.737 lr=3.00e-06
2026-04-21 18:28:49,169 Epoch 006/100 | train: 3.9644 | val: 4.0038 | val_acc: 0.3210 | lr: 3.00e-06
2026-04-21 18:28:49,647   [DIAG e007] bg=0.034 max_lesion=0.814 lr=3.00e-06
2026-04-21 18:51:11,844 Epoch 007/100 | train: 3.8772 | val: 3.8332 | val_acc: 0.3210 | lr: 3.00e-06
2026-04-21 18:51:12,302   [DIAG e008] bg=0.003 max_lesion=0.936 lr=3.00e-06
2026-04-21 19:13:34,178 Epoch 008/100 | train: 3.8456 | val: 3.8779 | val_acc: 0.3254 | lr: 3.00e-06 *
2026-04-21 19:13:35,302   → new best val_acc=0.3254, saved model_32x25x8_weight_2_lower_lr_best.pth
2026-04-21 19:13:35,746   [DIAG e009] bg=0.002 max_lesion=0.964 lr=3.00e-06
2026-04-21 19:36:03,583 Epoch 009/100 | train: 3.8525 | val: 3.7260 | val_acc: 0.3328 | lr: 3.00e-06 *
2026-04-21 19:36:04,719   → new best val_acc=0.3328, saved model_32x25x8_weight_2_lower_lr_best.pth
2026-04-21 19:36:05,360   [DIAG e010] bg=0.003 max_lesion=0.947 lr=3.00e-06
2026-04-21 19:58:30,201 Epoch 010/100 | train: 3.7956 | val: 3.8118 | val_acc: 0.3507 | lr: 3.00e-06 *
2026-04-21 19:58:31,300   → new best val_acc=0.3507, saved model_32x25x8_weight_2_lower_lr_best.pth
2026-04-21 19:58:31,707   [DIAG e011] bg=0.005 max_lesion=0.956 lr=3.00e-06
2026-04-21 20:20:55,016 Epoch 011/100 | train: 3.7401 | val: 3.6337 | val_acc: 0.3388 | lr: 3.00e-06
2026-04-21 20:20:55,490   [DIAG e012] bg=0.023 max_lesion=0.956 lr=3.00e-06
2026-04-21 20:43:16,212 Epoch 012/100 | train: 3.7138 | val: 3.6821 | val_acc: 0.3848 | lr: 3.00e-06 *
2026-04-21 20:43:17,594   → new best val_acc=0.3848, saved model_32x25x8_weight_2_lower_lr_best.pth
2026-04-21 20:43:17,958   [DIAG e013] bg=0.001 max_lesion=0.977 lr=3.00e-06
2026-04-21 21:05:44,544 Epoch 013/100 | train: 3.7046 | val: 3.7290 | val_acc: 0.3952 | lr: 3.00e-06 *
2026-04-21 21:05:45,656   → new best val_acc=0.3952, saved model_32x25x8_weight_2_lower_lr_best.pth
2026-04-21 21:05:45,976   [DIAG e014] bg=0.010 max_lesion=0.976 lr=3.00e-06
2026-04-21 21:28:12,630 Epoch 014/100 | train: 3.7101 | val: 3.7289 | val_acc: 0.3655 | lr: 3.00e-06
2026-04-21 21:28:12,976   [DIAG e015] bg=0.016 max_lesion=0.853 lr=3.00e-06
2026-04-21 21:50:44,502 Epoch 015/100 | train: 3.7037 | val: 3.6302 | val_acc: 0.3373 | lr: 3.00e-06
2026-04-21 21:50:44,745   [DIAG e016] bg=0.073 max_lesion=0.964 lr=3.00e-06
2026-04-21 22:13:11,489 Epoch 016/100 | train: 3.6783 | val: 3.8138 | val_acc: 0.3640 | lr: 3.00e-06
2026-04-21 22:13:11,748   [DIAG e017] bg=0.012 max_lesion=0.989 lr=3.00e-06
2026-04-21 22:35:34,866 Epoch 017/100 | train: 3.6602 | val: 3.7247 | val_acc: 0.3700 | lr: 3.00e-06
2026-04-21 22:35:35,494   [DIAG e018] bg=0.014 max_lesion=0.833 lr=3.00e-06
2026-04-21 22:58:05,297 Epoch 018/100 | train: 3.6700 | val: 3.7652 | val_acc: 0.3744 | lr: 3.00e-06
2026-04-21 22:58:06,033   [DIAG e019] bg=0.007 max_lesion=0.945 lr=3.00e-06
2026-04-21 23:20:35,602 Epoch 019/100 | train: 3.6358 | val: 3.6763 | val_acc: 0.3759 | lr: 3.00e-06
2026-04-21 23:20:35,958   [DIAG e020] bg=0.051 max_lesion=0.990 lr=3.00e-06
2026-04-21 23:43:00,572 Epoch 020/100 | train: 3.5949 | val: 3.6088 | val_acc: 0.3640 | lr: 3.00e-06
2026-04-21 23:43:01,084   [DIAG e021] bg=0.006 max_lesion=0.923 lr=3.00e-06
2026-04-22 00:05:24,884 Epoch 021/100 | train: 3.6192 | val: 3.8031 | val_acc: 0.4056 | lr: 3.00e-06 *
2026-04-22 00:05:26,049   → new best val_acc=0.4056, saved model_32x25x8_weight_2_lower_lr_best.pth
2026-04-22 00:05:26,688   [DIAG e022] bg=0.007 max_lesion=0.880 lr=3.00e-06
2026-04-22 00:27:58,312 Epoch 022/100 | train: 3.5806 | val: 3.7435 | val_acc: 0.3982 | lr: 3.00e-06
2026-04-22 00:27:58,734   [DIAG e023] bg=0.001 max_lesion=0.996 lr=3.00e-06
2026-04-22 00:50:25,687 Epoch 023/100 | train: 3.5170 | val: 3.7092 | val_acc: 0.3982 | lr: 3.00e-06
2026-04-22 00:50:26,159   [DIAG e024] bg=0.004 max_lesion=0.992 lr=3.00e-06
2026-04-22 01:12:52,637 Epoch 024/100 | train: 3.5125 | val: 3.7352 | val_acc: 0.3789 | lr: 3.00e-06
2026-04-22 01:12:53,030   [DIAG e025] bg=0.012 max_lesion=0.996 lr=3.00e-06
2026-04-22 01:35:15,127 Epoch 025/100 | train: 3.4746 | val: 3.7477 | val_acc: 0.4056 | lr: 3.00e-06
2026-04-22 01:35:15,832   [DIAG e026] bg=0.014 max_lesion=0.979 lr=3.00e-06
2026-04-22 01:57:42,499 Epoch 026/100 | train: 3.4976 | val: 3.8690 | val_acc: 0.4086 | lr: 3.00e-06 *
2026-04-22 01:57:43,601   → new best val_acc=0.4086, saved model_32x25x8_weight_2_lower_lr_best.pth
2026-04-22 01:57:44,291   [DIAG e027] bg=0.011 max_lesion=0.901 lr=3.00e-06
2026-04-22 02:20:13,667 Epoch 027/100 | train: 3.4811 | val: 3.8296 | val_acc: 0.4012 | lr: 3.00e-06
2026-04-22 02:20:14,188   [DIAG e028] bg=0.000 max_lesion=0.999 lr=3.00e-06
2026-04-22 02:42:44,388 Epoch 028/100 | train: 3.4366 | val: 3.9021 | val_acc: 0.3923 | lr: 3.00e-06
2026-04-22 02:42:44,746   [DIAG e029] bg=0.005 max_lesion=0.909 lr=3.00e-06
2026-04-22 03:05:16,609 Epoch 029/100 | train: 3.4224 | val: 3.8962 | val_acc: 0.4042 | lr: 3.00e-06
2026-04-22 03:05:17,294   [DIAG e030] bg=0.002 max_lesion=0.916 lr=3.00e-06
2026-04-22 03:27:44,923 Epoch 030/100 | train: 3.3799 | val: 3.8390 | val_acc: 0.3967 | lr: 3.00e-06
2026-04-22 03:27:45,559   [DIAG e031] bg=0.045 max_lesion=1.000 lr=3.00e-06
2026-04-22 03:50:08,926 Epoch 031/100 | train: 3.3746 | val: 3.9487 | val_acc: 0.3938 | lr: 3.00e-06
2026-04-22 03:50:09,560   [DIAG e032] bg=0.001 max_lesion=1.000 lr=3.00e-06
2026-04-22 04:12:33,208 Epoch 032/100 | train: 3.2855 | val: 3.9430 | val_acc: 0.3997 | lr: 3.00e-06
2026-04-22 04:12:33,754   [DIAG e033] bg=0.004 max_lesion=0.950 lr=3.00e-06
2026-04-22 04:34:59,410 Epoch 033/100 | train: 3.2986 | val: 4.2522 | val_acc: 0.4116 | lr: 3.00e-06 *
2026-04-22 04:35:00,543   → new best val_acc=0.4116, saved model_32x25x8_weight_2_lower_lr_best.pth
2026-04-22 04:35:01,111   [DIAG e034] bg=0.022 max_lesion=0.843 lr=3.00e-06
2026-04-22 04:57:26,234 Epoch 034/100 | train: 3.3342 | val: 4.2775 | val_acc: 0.3952 | lr: 3.00e-06
2026-04-22 04:57:26,734   [DIAG e035] bg=0.041 max_lesion=0.988 lr=3.00e-06
2026-04-22 05:19:57,214 Epoch 035/100 | train: 3.2767 | val: 4.3146 | val_acc: 0.4071 | lr: 3.00e-06
2026-04-22 05:19:57,901   [DIAG e036] bg=0.017 max_lesion=0.929 lr=3.00e-06
2026-04-22 05:42:26,532 Epoch 036/100 | train: 3.2883 | val: 4.5343 | val_acc: 0.4056 | lr: 3.00e-06
2026-04-22 05:42:27,082   [DIAG e037] bg=0.001 max_lesion=0.997 lr=3.00e-06
2026-04-22 06:04:59,022 Epoch 037/100 | train: 3.2257 | val: 4.3956 | val_acc: 0.4012 | lr: 3.00e-06
2026-04-22 06:04:59,747   [DIAG e038] bg=0.000 max_lesion=1.000 lr=3.00e-06
2026-04-22 06:27:30,932 Epoch 038/100 | train: 3.1874 | val: 4.4610 | val_acc: 0.4146 | lr: 3.00e-06 *
2026-04-22 06:27:32,162   → new best val_acc=0.4146, saved model_32x25x8_weight_2_lower_lr_best.pth
2026-04-22 06:27:32,686   [DIAG e039] bg=0.003 max_lesion=1.000 lr=3.00e-06
2026-04-22 06:50:03,660 Epoch 039/100 | train: 3.1567 | val: 4.6047 | val_acc: 0.3923 | lr: 3.00e-06
2026-04-22 06:50:04,219   [DIAG e040] bg=0.003 max_lesion=0.967 lr=3.00e-06
2026-04-22 07:12:34,519 Epoch 040/100 | train: 3.1505 | val: 4.4312 | val_acc: 0.4160 | lr: 1.50e-06 *
2026-04-22 07:12:35,690   → new best val_acc=0.4160, saved model_32x25x8_weight_2_lower_lr_best.pth
2026-04-22 07:12:36,307   [DIAG e041] bg=0.000 max_lesion=1.000 lr=1.50e-06
2026-04-22 07:35:09,996 Epoch 041/100 | train: 3.0344 | val: 4.3236 | val_acc: 0.4205 | lr: 1.50e-06 *
2026-04-22 07:35:11,180   → new best val_acc=0.4205, saved model_32x25x8_weight_2_lower_lr_best.pth
2026-04-22 07:35:11,773   [DIAG e042] bg=0.003 max_lesion=0.934 lr=1.50e-06
2026-04-22 07:57:38,748 Epoch 042/100 | train: 2.9836 | val: 4.6241 | val_acc: 0.4220 | lr: 1.50e-06 *
2026-04-22 07:57:39,966   → new best val_acc=0.4220, saved model_32x25x8_weight_2_lower_lr_best.pth
2026-04-22 07:57:40,608   [DIAG e043] bg=0.035 max_lesion=0.971 lr=1.50e-06
2026-04-22 08:20:13,255 Epoch 043/100 | train: 2.9751 | val: 4.5320 | val_acc: 0.4101 | lr: 1.50e-06
2026-04-22 08:20:13,686   [DIAG e044] bg=0.016 max_lesion=0.936 lr=1.50e-06
2026-04-22 08:42:36,778 Epoch 044/100 | train: 2.9320 | val: 4.9260 | val_acc: 0.4071 | lr: 1.50e-06
2026-04-22 08:42:37,420   [DIAG e045] bg=0.059 max_lesion=0.933 lr=1.50e-06
2026-04-22 09:05:00,407 Epoch 045/100 | train: 2.9364 | val: 4.6122 | val_acc: 0.4071 | lr: 1.50e-06
2026-04-22 09:05:01,100   [DIAG e046] bg=0.002 max_lesion=0.967 lr=1.50e-06
2026-04-22 09:27:26,762 Epoch 046/100 | train: 2.9225 | val: 4.6150 | val_acc: 0.4116 | lr: 1.50e-06
2026-04-22 09:27:27,316   [DIAG e047] bg=0.000 max_lesion=1.000 lr=1.50e-06
2026-04-22 09:49:51,301 Epoch 047/100 | train: 2.8978 | val: 4.7498 | val_acc: 0.4294 | lr: 1.50e-06 *
2026-04-22 09:49:52,509   → new best val_acc=0.4294, saved model_32x25x8_weight_2_lower_lr_best.pth
2026-04-22 09:49:53,100   [DIAG e048] bg=0.000 max_lesion=0.990 lr=1.50e-06
2026-04-22 10:12:20,755 Epoch 048/100 | train: 2.8854 | val: 4.7107 | val_acc: 0.4146 | lr: 1.50e-06
2026-04-22 10:12:21,356   [DIAG e049] bg=0.000 max_lesion=1.000 lr=1.50e-06
2026-04-22 10:34:48,435 Epoch 049/100 | train: 2.8831 | val: 4.8646 | val_acc: 0.4146 | lr: 1.50e-06
2026-04-22 10:34:48,998   [DIAG e050] bg=0.003 max_lesion=1.000 lr=1.50e-06
2026-04-22 10:57:14,647 Epoch 050/100 | train: 2.8899 | val: 4.7904 | val_acc: 0.4086 | lr: 1.50e-06
2026-04-22 10:57:15,098   [DIAG e051] bg=0.002 max_lesion=1.000 lr=1.50e-06
2026-04-22 11:19:41,738 Epoch 051/100 | train: 2.8552 | val: 5.6467 | val_acc: 0.4116 | lr: 1.50e-06
2026-04-22 11:19:42,410   [DIAG e052] bg=0.296 max_lesion=1.000 lr=1.50e-06
2026-04-22 11:42:07,486 Epoch 052/100 | train: 2.8458 | val: 4.8031 | val_acc: 0.4190 | lr: 1.50e-06
2026-04-22 11:42:08,055   [DIAG e053] bg=0.003 max_lesion=1.000 lr=1.50e-06
2026-04-22 12:04:33,466 Epoch 053/100 | train: 2.8554 | val: 4.8737 | val_acc: 0.4205 | lr: 1.50e-06
2026-04-22 12:04:33,898   [DIAG e054] bg=0.261 max_lesion=0.885 lr=1.50e-06
2026-04-22 12:27:02,651 Epoch 054/100 | train: 2.7535 | val: 4.7234 | val_acc: 0.4190 | lr: 1.50e-06
2026-04-22 12:27:03,315   [DIAG e055] bg=0.001 max_lesion=0.876 lr=1.50e-06
2026-04-22 12:49:29,247 Epoch 055/100 | train: 2.8309 | val: 4.8292 | val_acc: 0.3997 | lr: 1.50e-06
2026-04-22 12:49:29,676   [DIAG e056] bg=0.000 max_lesion=0.934 lr=1.50e-06
2026-04-22 13:11:53,189 Epoch 056/100 | train: 2.8012 | val: 5.3503 | val_acc: 0.4324 | lr: 1.50e-06 *
2026-04-22 13:11:54,447   → new best val_acc=0.4324, saved model_32x25x8_weight_2_lower_lr_best.pth
2026-04-22 13:11:54,944   [DIAG e057] bg=0.000 max_lesion=1.000 lr=1.50e-06
2026-04-22 13:34:18,404 Epoch 057/100 | train: 2.8292 | val: 4.8397 | val_acc: 0.4190 | lr: 1.50e-06
2026-04-22 13:34:19,109   [DIAG e058] bg=0.000 max_lesion=1.000 lr=1.50e-06
2026-04-22 13:56:44,244 Epoch 058/100 | train: 2.7956 | val: 5.6362 | val_acc: 0.4146 | lr: 1.50e-06
2026-04-22 13:56:44,867   [DIAG e059] bg=0.006 max_lesion=0.933 lr=1.50e-06
2026-04-22 14:19:08,560 Epoch 059/100 | train: 2.7681 | val: 4.9499 | val_acc: 0.4235 | lr: 1.50e-06
2026-04-22 14:19:09,002   [DIAG e060] bg=0.001 max_lesion=1.000 lr=1.50e-06
2026-04-22 14:41:35,835 Epoch 060/100 | train: 2.7405 | val: 5.1389 | val_acc: 0.4205 | lr: 1.50e-06
2026-04-22 14:41:36,611   [DIAG e061] bg=0.001 max_lesion=1.000 lr=1.50e-06
2026-04-22 15:04:07,103 Epoch 061/100 | train: 2.7316 | val: 5.5767 | val_acc: 0.4175 | lr: 1.50e-06
2026-04-22 15:04:07,293   [DIAG e062] bg=0.059 max_lesion=1.000 lr=1.50e-06
2026-04-22 15:26:39,165 Epoch 062/100 | train: 2.7283 | val: 5.5228 | val_acc: 0.4160 | lr: 1.50e-06
2026-04-22 15:26:39,988   [DIAG e063] bg=0.001 max_lesion=0.873 lr=1.50e-06
2026-04-22 15:49:07,223 Epoch 063/100 | train: 2.7097 | val: 5.3302 | val_acc: 0.4175 | lr: 1.50e-06
2026-04-22 15:49:07,673   [DIAG e064] bg=0.083 max_lesion=1.000 lr=1.50e-06
2026-04-22 16:11:36,718 Epoch 064/100 | train: 2.7235 | val: 5.5559 | val_acc: 0.4146 | lr: 1.50e-06
2026-04-22 16:11:37,280   [DIAG e065] bg=0.000 max_lesion=0.929 lr=1.50e-06
2026-04-22 16:34:04,634 Epoch 065/100 | train: 2.7143 | val: 5.1090 | val_acc: 0.4160 | lr: 1.50e-06
2026-04-22 16:34:05,327   [DIAG e066] bg=0.000 max_lesion=0.906 lr=1.50e-06
2026-04-22 16:56:29,447 Epoch 066/100 | train: 2.6955 | val: 5.0365 | val_acc: 0.4220 | lr: 1.50e-06
2026-04-22 16:56:30,099   [DIAG e067] bg=0.007 max_lesion=0.980 lr=1.50e-06
2026-04-22 17:18:56,056 Epoch 067/100 | train: 2.6489 | val: 5.4212 | val_acc: 0.4146 | lr: 1.50e-06
2026-04-22 17:18:56,675   [DIAG e068] bg=0.001 max_lesion=1.000 lr=1.50e-06
2026-04-22 17:41:28,364 Epoch 068/100 | train: 2.6502 | val: 5.3345 | val_acc: 0.4056 | lr: 1.50e-06
2026-04-22 17:41:28,993   [DIAG e069] bg=0.000 max_lesion=1.000 lr=1.50e-06
2026-04-22 18:03:53,053 Epoch 069/100 | train: 2.6725 | val: 5.1447 | val_acc: 0.4012 | lr: 1.50e-06
2026-04-22 18:03:53,596   [DIAG e070] bg=0.218 max_lesion=0.981 lr=1.50e-06
2026-04-22 18:26:22,672 Epoch 070/100 | train: 2.6846 | val: 5.0646 | val_acc: 0.4160 | lr: 1.50e-06
2026-04-22 18:26:23,039   [DIAG e071] bg=0.016 max_lesion=0.864 lr=1.50e-06
2026-04-22 18:48:52,181 Epoch 071/100 | train: 2.6091 | val: 5.3179 | val_acc: 0.4175 | lr: 1.50e-06
2026-04-22 18:48:52,885   [DIAG e072] bg=0.016 max_lesion=0.928 lr=1.50e-06
2026-04-22 19:11:23,073 Epoch 072/100 | train: 2.6062 | val: 5.0716 | val_acc: 0.4012 | lr: 1.50e-06
2026-04-22 19:11:23,642   [DIAG e073] bg=0.029 max_lesion=0.952 lr=1.50e-06
2026-04-22 19:33:51,232 Epoch 073/100 | train: 2.6559 | val: 5.5490 | val_acc: 0.4190 | lr: 1.50e-06
2026-04-22 19:33:51,608   [DIAG e074] bg=0.025 max_lesion=0.992 lr=1.50e-06
2026-04-22 19:56:19,597 Epoch 074/100 | train: 2.6300 | val: 6.3007 | val_acc: 0.4175 | lr: 1.50e-06
2026-04-22 19:56:20,186   [DIAG e075] bg=0.024 max_lesion=1.000 lr=1.50e-06
2026-04-22 20:18:50,776 Epoch 075/100 | train: 2.6407 | val: 5.3903 | val_acc: 0.4190 | lr: 1.50e-06
2026-04-22 20:18:51,350   [DIAG e076] bg=0.000 max_lesion=1.000 lr=1.50e-06
2026-04-22 20:41:16,645 Epoch 076/100 | train: 2.5567 | val: 5.4639 | val_acc: 0.4205 | lr: 1.50e-06
2026-04-22 20:41:17,095   [DIAG e077] bg=0.002 max_lesion=1.000 lr=1.50e-06
2026-04-22 21:03:42,636 Epoch 077/100 | train: 2.5837 | val: 5.7371 | val_acc: 0.4160 | lr: 1.50e-06
2026-04-22 21:03:43,153   [DIAG e078] bg=0.023 max_lesion=0.960 lr=1.50e-06
2026-04-22 21:26:11,216 Epoch 078/100 | train: 2.5690 | val: 5.4922 | val_acc: 0.4250 | lr: 1.50e-06
2026-04-22 21:26:11,628   [DIAG e079] bg=0.368 max_lesion=0.982 lr=1.50e-06
2026-04-22 21:48:37,357 Epoch 079/100 | train: 2.6008 | val: 6.2489 | val_acc: 0.4116 | lr: 1.50e-06
2026-04-22 21:48:37,749   [DIAG e080] bg=0.004 max_lesion=0.987 lr=1.50e-06
2026-04-22 22:11:03,513 Epoch 080/100 | train: 2.5252 | val: 5.6812 | val_acc: 0.4235 | lr: 7.50e-07
2026-04-22 22:11:03,980   [DIAG e081] bg=0.000 max_lesion=1.000 lr=7.50e-07
2026-04-22 22:33:32,302 Epoch 081/100 | train: 2.4613 | val: 5.1389 | val_acc: 0.4250 | lr: 7.50e-07
2026-04-22 22:33:32,688   [DIAG e082] bg=0.002 max_lesion=0.946 lr=7.50e-07
2026-04-22 22:55:59,712 Epoch 082/100 | train: 2.4702 | val: 5.7103 | val_acc: 0.4294 | lr: 7.50e-07
2026-04-22 22:56:00,221   [DIAG e083] bg=0.000 max_lesion=1.000 lr=7.50e-07
2026-04-22 23:18:25,247 Epoch 083/100 | train: 2.4381 | val: 5.4015 | val_acc: 0.4146 | lr: 7.50e-07
2026-04-22 23:18:25,875   [DIAG e084] bg=0.000 max_lesion=1.000 lr=7.50e-07
2026-04-22 23:40:51,679 Epoch 084/100 | train: 2.4321 | val: 5.4772 | val_acc: 0.4235 | lr: 7.50e-07
2026-04-22 23:40:52,154   [DIAG e085] bg=0.000 max_lesion=1.000 lr=7.50e-07
2026-04-23 00:03:15,349 Epoch 085/100 | train: 2.4350 | val: 5.8821 | val_acc: 0.4324 | lr: 7.50e-07
2026-04-23 00:03:16,275   [DIAG e086] bg=0.000 max_lesion=1.000 lr=7.50e-07
2026-04-23 00:25:44,551 Epoch 086/100 | train: 2.3860 | val: 5.8216 | val_acc: 0.4294 | lr: 7.50e-07
2026-04-23 00:25:45,184   [DIAG e087] bg=0.623 max_lesion=0.766 lr=7.50e-07
2026-04-23 00:48:13,554 Epoch 087/100 | train: 2.3565 | val: 6.0758 | val_acc: 0.4309 | lr: 7.50e-07
2026-04-23 00:48:14,099   [DIAG e088] bg=0.000 max_lesion=0.998 lr=7.50e-07
2026-04-23 01:10:40,846 Epoch 088/100 | train: 2.4012 | val: 5.6409 | val_acc: 0.4264 | lr: 7.50e-07
2026-04-23 01:10:41,410   [DIAG e089] bg=0.006 max_lesion=0.987 lr=7.50e-07
2026-04-23 01:33:10,352 Epoch 089/100 | train: 2.3997 | val: 5.8624 | val_acc: 0.4250 | lr: 7.50e-07
2026-04-23 01:33:10,942   [DIAG e090] bg=0.002 max_lesion=1.000 lr=7.50e-07
2026-04-23 01:55:41,921 Epoch 090/100 | train: 2.3774 | val: 5.8004 | val_acc: 0.4175 | lr: 7.50e-07
2026-04-23 01:55:42,409   [DIAG e091] bg=0.003 max_lesion=0.971 lr=7.50e-07
2026-04-23 02:18:09,054 Epoch 091/100 | train: 2.3875 | val: 5.8020 | val_acc: 0.4101 | lr: 7.50e-07
2026-04-23 02:18:09,515   [DIAG e092] bg=0.002 max_lesion=0.987 lr=7.50e-07
2026-04-23 02:40:35,867 Epoch 092/100 | train: 2.4028 | val: 5.9274 | val_acc: 0.4220 | lr: 7.50e-07
2026-04-23 02:40:36,396   [DIAG e093] bg=0.000 max_lesion=1.000 lr=7.50e-07
2026-04-23 03:03:05,732 Epoch 093/100 | train: 2.3414 | val: 5.6737 | val_acc: 0.4264 | lr: 7.50e-07
2026-04-23 03:03:06,195   [DIAG e094] bg=0.000 max_lesion=1.000 lr=7.50e-07
2026-04-23 03:25:32,401 Epoch 094/100 | train: 2.3547 | val: 6.1310 | val_acc: 0.4175 | lr: 7.50e-07
2026-04-23 03:25:32,863   [DIAG e095] bg=0.001 max_lesion=1.000 lr=7.50e-07
2026-04-23 03:47:57,278 Epoch 095/100 | train: 2.3700 | val: 5.8650 | val_acc: 0.4071 | lr: 7.50e-07
2026-04-23 03:47:57,902   [DIAG e096] bg=0.000 max_lesion=1.000 lr=7.50e-07
2026-04-23 04:10:26,145 Epoch 096/100 | train: 2.3739 | val: 5.9271 | val_acc: 0.4235 | lr: 7.50e-07
2026-04-23 04:10:26,739   [DIAG e097] bg=0.002 max_lesion=1.000 lr=7.50e-07
2026-04-23 04:32:53,463 Epoch 097/100 | train: 2.3232 | val: 5.9059 | val_acc: 0.4190 | lr: 7.50e-07
2026-04-23 04:32:53,948   [DIAG e098] bg=0.000 max_lesion=1.000 lr=7.50e-07
2026-04-23 04:55:19,777 Epoch 098/100 | train: 2.3317 | val: 5.9130 | val_acc: 0.4175 | lr: 7.50e-07
2026-04-23 04:55:20,280   [DIAG e099] bg=0.255 max_lesion=0.960 lr=7.50e-07
2026-04-23 05:17:47,985 Epoch 099/100 | train: 2.3481 | val: 6.0273 | val_acc: 0.4027 | lr: 7.50e-07
2026-04-23 05:17:48,615   [DIAG e100] bg=0.004 max_lesion=1.000 lr=7.50e-07
2026-04-23 05:40:15,650 Epoch 100/100 | train: 2.3240 | val: 5.8052 | val_acc: 0.4235 | lr: 7.50e-07
